// Jest Snapshot v1, https://goo.gl/fbAQLP

exports[`Tests in <HookApp /> should render correctly 1`] = `
<div>
  <h1>
    Hola mundo
  </h1>
</div>
`;
