// Jest Snapshot v1, https://goo.gl/fbAQLP

exports[`Tests on <HomeScreen /> Should render correctly 1`] = `
<div>
  <h1>
    HomeScreen
  </h1>
  <hr />
  <pre>
    {
  "name": "Juan",
  "email": "j@email.com"
}
  </pre>
</div>
`;
